[    0.000000] Linux version 4.15.0-212-generic (buildd@lcy02-amd64-083) (gcc version 7.5.0 (Ubuntu 7.5.0-3ubuntu1~18.04)) #223-Ubuntu SMP Tue May 23 13:09:22 UTC 2023 (Ubuntu 4.15.0-212.223-generic 4.15.18)
[    0.000000] Command line: BOOT_IMAGE=/boot/vmlinuz-4.15.0-212-generic root=LABEL=cloudimg-rootfs ro console=tty1 console=ttyS0
[    0.000000] KERNEL supported cpus:
[    0.000000]   Intel GenuineIntel
[    0.000000]   AMD AuthenticAMD
[    0.000000]   Centaur CentaurHauls
[    0.000000] x86/fpu: x87 FPU will use FXSAVE
[    0.000000] e820: BIOS-provided physical RAM map:
[    0.000000] BIOS-e820: [mem 0x0000000000000000-0x000000000009fbff] usable
[    0.000000] BIOS-e820: [mem 0x000000000009fc00-0x000000000009ffff] reserved
[    0.000000] BIOS-e820: [mem 0x00000000000f0000-0x00000000000fffff] reserved
[    0.000000] BIOS-e820: [mem 0x0000000000100000-0x000000007ffeffff] usable
[    0.000000] BIOS-e820: [mem 0x000000007fff0000-0x000000007fffffff] ACPI data
[    0.000000] BIOS-e820: [mem 0x00000000fec00000-0x00000000fec00fff] reserved
[    0.000000] BIOS-e820: [mem 0x00000000fee00000-0x00000000fee00fff] reserved
[    0.000000] BIOS-e820: [mem 0x00000000fffc0000-0x00000000ffffffff] reserved
[    0.000000] NX (Execute Disable) protection: active
[    0.000000] SMBIOS 2.5 present.
[    0.000000] DMI: innotek GmbH VirtualBox/VirtualBox, BIOS VirtualBox 12/01/2006
[    0.000000] Hypervisor detected: KVM
[    0.000000] e820: last_pfn = 0x7fff0 max_arch_pfn = 0x400000000
[    0.000000] x86/PAT: Configuration [0-7]: WB  WC  UC- UC  WB  WP  UC- WT  
[    0.000000] CPU MTRRs all blank - virtualized system.
[    0.000000] found SMP MP-table at [mem 0x0009fbf0-0x0009fbff]
[    0.000000] Scanning 1 areas for low memory corruption
[    0.000000] RAMDISK: [mem 0x359cb000-0x36cdcfff]
[    0.000000] ACPI: Early table checksum verification disabled
[    0.000000] ACPI: RSDP 0x00000000000E0000 000024 (v02 VBOX  )
[    0.000000] ACPI: XSDT 0x000000007FFF0030 00003C (v01 VBOX   VBOXXSDT 00000001 ASL  00000061)
[    0.000000] ACPI: FACP 0x000000007FFF00F0 0000F4 (v04 VBOX   VBOXFACP 00000001 ASL  00000061)
[    0.000000] ACPI: DSDT 0x000000007FFF0610 002353 (v02 VBOX   VBOXBIOS 00000002 INTL 20100528)
[    0.000000] ACPI: FACS 0x000000007FFF0200 000040
[    0.000000] ACPI: FACS 0x000000007FFF0200 000040
[    0.000000] ACPI: APIC 0x000000007FFF0240 00005C (v02 VBOX   VBOXAPIC 00000001 ASL  00000061)
[    0.000000] ACPI: SSDT 0x000000007FFF02A0 00036C (v01 VBOX   VBOXCPUT 00000002 INTL 20100528)
[    0.000000] ACPI: Reserving FACP table memory at [mem 0x7fff00f0-0x7fff01e3]
[    0.000000] ACPI: Reserving DSDT table memory at [mem 0x7fff0610-0x7fff2962]
[    0.000000] ACPI: Reserving FACS table memory at [mem 0x7fff0200-0x7fff023f]
[    0.000000] ACPI: Reserving FACS table memory at [mem 0x7fff0200-0x7fff023f]
[    0.000000] ACPI: Reserving APIC table memory at [mem 0x7fff0240-0x7fff029b]
[    0.000000] ACPI: Reserving SSDT table memory at [mem 0x7fff02a0-0x7fff060b]
[    0.000000] No NUMA configuration found
[    0.000000] Faking a node at [mem 0x0000000000000000-0x000000007ffeffff]
[    0.000000] NODE_DATA(0) allocated [mem 0x7ffc5000-0x7ffeffff]
[    0.000000] kvm-clock: cpu 0, msr 0:7ff44001, primary cpu clock
[    0.000000] kvm-clock: Using msrs 4b564d01 and 4b564d00
[    0.000000] kvm-clock: using sched offset of 6925666709 cycles
[    0.000000] clocksource: kvm-clock: mask: 0xffffffffffffffff max_cycles: 0x1cd42e4dffb, max_idle_ns: 881590591483 ns
[    0.000000] Zone ranges:
[    0.000000]   DMA      [mem 0x0000000000001000-0x0000000000ffffff]
[    0.000000]   DMA32    [mem 0x0000000001000000-0x000000007ffeffff]
[    0.000000]   Normal   empty
[    0.000000]   Device   empty
[    0.000000] Movable zone start for each node
[    0.000000] Early memory node ranges
[    0.000000]   node   0: [mem 0x0000000000001000-0x000000000009efff]
[    0.000000]   node   0: [mem 0x0000000000100000-0x000000007ffeffff]
[    0.000000] Reserved but unavailable: 104 pages
[    0.000000] Initmem setup node 0 [mem 0x0000000000001000-0x000000007ffeffff]
[    0.000000] ACPI: PM-Timer IO Port: 0x4008
[    0.000000] IOAPIC[0]: apic_id 2, version 32, address 0xfec00000, GSI 0-23
[    0.000000] ACPI: INT_SRC_OVR (bus 0 bus_irq 0 global_irq 2 dfl dfl)
[    0.000000] ACPI: INT_SRC_OVR (bus 0 bus_irq 9 global_irq 9 low level)
[    0.000000] Using ACPI (MADT) for SMP configuration information
[    0.000000] smpboot: Allowing 2 CPUs, 0 hotplug CPUs
[    0.000000] PM: Registered nosave memory: [mem 0x00000000-0x00000fff]
[    0.000000] PM: Registered nosave memory: [mem 0x0009f000-0x0009ffff]
[    0.000000] PM: Registered nosave memory: [mem 0x000a0000-0x000effff]
[    0.000000] PM: Registered nosave memory: [mem 0x000f0000-0x000fffff]
[    0.000000] e820: [mem 0x80000000-0xfebfffff] available for PCI devices
[    0.000000] Booting paravirtualized kernel on KVM
[    0.000000] clocksource: refined-jiffies: mask: 0xffffffff max_cycles: 0xffffffff, max_idle_ns: 7645519600211568 ns
[    0.000000] setup_percpu: NR_CPUS:8192 nr_cpumask_bits:2 nr_cpu_ids:2 nr_node_ids:1
[    0.000000] percpu: Embedded 50 pages/cpu s167936 r8192 d28672 u1048576
[    0.000000] PV qspinlock hash table entries: 256 (order: 0, 4096 bytes)
[    0.000000] Built 1 zonelists, mobility grouping on.  Total pages: 515961
[    0.000000] Policy zone: DMA32
[    0.000000] Kernel command line: BOOT_IMAGE=/boot/vmlinuz-4.15.0-212-generic root=LABEL=cloudimg-rootfs ro console=tty1 console=ttyS0
[    0.000000] Memory: 2014836K/2096696K available (12300K kernel code, 2477K rwdata, 4324K rodata, 2480K init, 2720K bss, 81860K reserved, 0K cma-reserved)
[    0.000000] SLUB: HWalign=64, Order=0-3, MinObjects=0, CPUs=2, Nodes=1
[    0.000000] ftrace: allocating 39508 entries in 155 pages
[    0.004000] Hierarchical RCU implementation.
[    0.004000] 	RCU restricting CPUs from NR_CPUS=8192 to nr_cpu_ids=2.
[    0.004000] 	Tasks RCU enabled.
[    0.004000] RCU: Adjusting geometry for rcu_fanout_leaf=16, nr_cpu_ids=2
[    0.004000] NR_IRQS: 524544, nr_irqs: 440, preallocated irqs: 16
[    0.004000] random: crng init done
[    0.004000] Console: colour VGA+ 80x25
[    0.004000] console [tty1] enabled
[    0.004000] console [ttyS0] enabled
[    0.004000] ACPI: Core revision 20170831
[    0.004000] ACPI: 2 ACPI AML tables successfully acquired and loaded
[    0.004000] APIC: Switch to symmetric I/O mode setup
[    0.004000] ..TIMER: vector=0x30 apic1=0 pin1=2 apic2=-1 pin2=-1
[    0.004010] tsc: Detected 2419.200 MHz processor
[    0.012032] Calibrating delay loop (skipped) preset value.. 4838.40 BogoMIPS (lpj=9676800)
[    0.016016] pid_max: default: 32768 minimum: 301
[    0.020415] Security Framework initialized
[    0.028017] Yama: becoming mindful.
[    0.032223] AppArmor: AppArmor initialized
[    0.080754] Dentry cache hash table entries: 262144 (order: 9, 2097152 bytes)
[    0.104093] Inode-cache hash table entries: 131072 (order: 8, 1048576 bytes)
[    0.108753] Mount-cache hash table entries: 4096 (order: 3, 32768 bytes)
[    0.112591] Mountpoint-cache hash table entries: 4096 (order: 3, 32768 bytes)
[    0.126956] Last level iTLB entries: 4KB 0, 2MB 0, 4MB 0
[    0.128012] Last level dTLB entries: 4KB 0, 2MB 0, 4MB 0, 1GB 0
[    0.132022] Spectre V1 : Mitigation: usercopy/swapgs barriers and __user pointer sanitization
[    0.136018] Spectre V2 : Mitigation: Enhanced IBRS
[    0.140015] Spectre V2 : Spectre v2 / SpectreRSB mitigation: Filling RSB on context switch
[    0.144016] Spectre V2 : Spectre v2 / PBRSB-eIBRS: Retire a single CALL on VMEXIT
[    0.148017] RETBleed: Mitigation: Enhanced IBRS
[    0.152013] Speculative Store Bypass: Vulnerable
[    0.156535] Freeing SMP alternatives memory: 36K
[    0.292410] APIC calibration not consistent with PM-Timer: 109ms instead of 100ms
[    0.296000] APIC delta adjusted to PM-Timer: 6385706 (6960512)
[    0.297445] smpboot: CPU0: 13th Gen Intel(R) Core(TM) i9-13900HX (family: 0x6, model: 0xb7, stepping: 0x1)
[    0.304473] Performance Events: unsupported p6 CPU model 183 no PMU driver, software events only.
[    0.312020] Hierarchical SRCU implementation.
[    0.320304] NMI watchdog: Perf event create on CPU 0 failed with -2
[    0.324007] NMI watchdog: Perf NMI watchdog permanently disabled
[    0.332570] smp: Bringing up secondary CPUs ...
[    0.344124] x86: Booting SMP configuration:
[    0.348021] .... node  #0, CPUs:      #1
[    0.004000] kvm-clock: cpu 1, msr 0:7ff44041, secondary cpu clock
[    0.408000] TSC synchronization [CPU#0 -> CPU#1]:
[    0.408000] Measured 69104 cycles TSC warp between CPUs, turning off TSC clock.
[    0.408000] tsc: Marking TSC unstable due to check_tsc_sync_source failed
[    0.420019] smp: Brought up 1 node, 2 CPUs
[    0.424024] smpboot: Max logical packages: 1
[    0.428013] smpboot: Total of 2 processors activated (9676.80 BogoMIPS)
[    0.445641] devtmpfs: initialized
[    0.452512] x86/mm: Memory block size: 128MB
[    0.460553] evm: security.selinux
[    0.464012] evm: security.SMACK64
[    0.468008] evm: security.SMACK64EXEC
[    0.472014] evm: security.SMACK64TRANSMUTE
[    0.476007] evm: security.SMACK64MMAP
[    0.480010] evm: security.apparmor
[    0.484012] evm: security.ima
[    0.488013] evm: security.capability
[    0.500453] clocksource: jiffies: mask: 0xffffffff max_cycles: 0xffffffff, max_idle_ns: 7645041785100000 ns
[    0.504034] futex hash table entries: 512 (order: 3, 32768 bytes)
[    0.512896] pinctrl core: initialized pinctrl subsystem
[    0.521008] RTC time: 20:08:26, date: 08/16/25
[    0.533805] NET: Registered protocol family 16
[    0.536744] audit: initializing netlink subsys (disabled)
[    0.544015] audit: type=2000 audit(1755374912.728:1): state=initialized audit_enabled=0 res=1
[    0.612021] cpuidle: using governor ladder
[    0.616048] cpuidle: using governor menu
[    0.624160] ACPI: bus type PCI registered
[    0.628012] acpiphp: ACPI Hot Plug PCI Controller Driver version: 0.5
[    0.634392] PCI: Using configuration type 1 for base access
[    0.661022] HugeTLB registered 2.00 MiB page size, pre-allocated 0 pages
[    0.680747] ACPI: Added _OSI(Module Device)
[    0.716016] ACPI: Added _OSI(Processor Device)
[    0.748013] ACPI: Added _OSI(3.0 _SCP Extensions)
[    0.784016] ACPI: Added _OSI(Processor Aggregator Device)
[    0.828019] ACPI: Added _OSI(Linux-Dell-Video)
[    0.860021] ACPI: Added _OSI(Linux-Lenovo-NV-HDMI-Audio)
[    0.896014] ACPI: Added _OSI(Linux-HPI-Hybrid-Graphics)
[    0.940703] ACPI: Executed 1 blocks of module-level executable AML code
[    0.991435] ACPI: Interpreter enabled
[    1.012053] ACPI: (supports S0 S5)
[    1.032023] ACPI: Using IOAPIC for interrupt routing
[    1.060228] PCI: Using host bridge windows from ACPI; if necessary, use "pci=nocrs" and report a bug
[    1.072552] ACPI: Enabled 2 GPEs in block 00 to 07
[    1.098632] ACPI: PCI Root Bridge [PCI0] (domain 0000 [bus 00-ff])
[    1.108018] acpi PNP0A03:00: _OSC: OS supports [ASPM ClockPM Segments MSI]
[    1.117446] acpi PNP0A03:00: _OSC: not requesting OS control; OS requires [ExtendedConfig ASPM ClockPM MSI]
[    1.132021] acpi PNP0A03:00: fail to add MMCONFIG information, can't access extended PCI configuration space under this bridge.
[    1.149272] PCI host bridge to bus 0000:00
[    1.156009] pci_bus 0000:00: root bus resource [io  0x0000-0x0cf7 window]
[    1.164005] pci_bus 0000:00: root bus resource [io  0x0d00-0xffff window]
[    1.176005] pci_bus 0000:00: root bus resource [mem 0x000a0000-0x000bffff window]
[    1.192022] pci_bus 0000:00: root bus resource [mem 0x80000000-0xfdffffff window]
[    1.228022] pci_bus 0000:00: root bus resource [bus 00-ff]
[    1.292448] pci 0000:00:01.1: legacy IDE quirk: reg 0x10: [io  0x01f0-0x01f7]
[    1.328021] pci 0000:00:01.1: legacy IDE quirk: reg 0x14: [io  0x03f6]
[    1.360267] pci 0000:00:01.1: legacy IDE quirk: reg 0x18: [io  0x0170-0x0177]
[    1.404024] pci 0000:00:01.1: legacy IDE quirk: reg 0x1c: [io  0x0376]
[    1.532647] pci 0000:00:07.0: quirk: [io  0x4000-0x403f] claimed by PIIX4 ACPI
[    1.564179] pci 0000:00:07.0: quirk: [io  0x4100-0x410f] claimed by PIIX4 SMB
[    1.652000] ACPI: PCI Interrupt Link [LNKA] (IRQs 5 9 10 *11)
[    1.681949] ACPI: PCI Interrupt Link [LNKB] (IRQs 5 9 *10 11)
[    1.708428] ACPI: PCI Interrupt Link [LNKC] (IRQs 5 *9 10 11)
[    1.721121] ACPI: PCI Interrupt Link [LNKD] (IRQs 5 9 10 *11)
[    1.737094] SCSI subsystem initialized
[    1.744400] pci 0000:00:02.0: vgaarb: setting as boot VGA device
[    1.748000] pci 0000:00:02.0: vgaarb: VGA device added: decodes=io+mem,owns=io+mem,locks=none
[    1.768016] pci 0000:00:02.0: vgaarb: bridge control possible
[    1.776009] vgaarb: loaded
[    1.780051] ACPI: bus type USB registered
[    1.788088] usbcore: registered new interface driver usbfs
[    1.812045] usbcore: registered new interface driver hub
[    1.840624] usbcore: registered new device driver usb
[    1.865608] EDAC MC: Ver: 3.0.0
[    1.892976] PCI: Using ACPI for IRQ routing
[    1.916978] NetLabel: Initializing
[    1.924010] NetLabel:  domain hash size = 128
[    1.932007] NetLabel:  protocols = UNLABELED CIPSOv4 CALIPSO
[    1.953047] NetLabel:  unlabeled traffic allowed by default
[    1.985401] clocksource: Switched to clocksource kvm-clock
[    2.252060] VFS: Disk quotas dquot_6.6.0
[    2.269419] VFS: Dquot-cache hash table entries: 512 (order 0, 4096 bytes)
[    2.300954] AppArmor: AppArmor Filesystem Enabled
[    2.324481] pnp: PnP ACPI init
[    2.349503] pnp: PnP ACPI: found 3 devices
[    2.379512] clocksource: acpi_pm: mask: 0xffffff max_cycles: 0xffffff, max_idle_ns: 2085701024 ns
[    2.418498] NET: Registered protocol family 2
[    2.449087] IP idents hash table entries: 32768 (order: 6, 262144 bytes)
[    2.479969] TCP established hash table entries: 16384 (order: 5, 131072 bytes)
[    2.514482] TCP bind hash table entries: 16384 (order: 6, 262144 bytes)
[    2.547487] TCP: Hash tables configured (established 16384 bind 16384)
[    2.581520] UDP hash table entries: 1024 (order: 3, 32768 bytes)
[    2.605984] UDP-Lite hash table entries: 1024 (order: 3, 32768 bytes)
[    2.634575] NET: Registered protocol family 1
[    2.654178] pci 0000:00:00.0: Limiting direct PCI/PCI transfers
[    2.680702] pci 0000:00:01.0: Activating ISA DMA hang workarounds
[    2.707277] pci 0000:00:02.0: Video device with shadowed ROM at [mem 0x000c0000-0x000dffff]
[    2.745495] Unpacking initramfs...
[    5.103147] Freeing initrd memory: 19528K
[    5.125833] clocksource: tsc: mask: 0xffffffffffffffff max_cycles: 0x22df1149949, max_idle_ns: 440795312789 ns
[    5.173146] platform rtc_cmos: registered platform RTC device (no PNP device found)
[    5.185055] Scanning for low memory corruption every 60 seconds
[    5.197742] Initialise system trusted keyrings
[    5.205904] Key type blacklist registered
[    5.222622] workingset: timestamp_bits=36 max_order=19 bucket_order=0
[    5.262079] zbud: loaded
[    5.288053] squashfs: version 4.0 (2009/01/31) Phillip Lougher
[    5.315709] fuse init (API version 7.26)
[    5.426024] Key type asymmetric registered
[    5.434177] Asymmetric key parser 'x509' registered
[    5.455405] Block layer SCSI generic (bsg) driver version 0.4 loaded (major 246)
[    5.495849] io scheduler noop registered
[    5.521966] io scheduler deadline registered
[    5.543047] io scheduler cfq registered (default)
[    5.567938] ACPI: AC Adapter [AC] (on-line)
[    5.588216] input: Power Button as /devices/LNXSYSTM:00/LNXPWRBN:00/input/input0
[    5.625948] ACPI: Power Button [PWRF]
[    5.646126] input: Sleep Button as /devices/LNXSYSTM:00/LNXSLPBN:00/input/input1
[    5.673105] ACPI: Sleep Button [SLPF]
[    5.694485] Serial: 8250/16550 driver, 32 ports, IRQ sharing enabled
[    5.702067] ACPI: Battery Slot [BAT0] (battery present)
[    5.794577] 00:02: ttyS0 at I/O 0x3f8 (irq = 4, base_baud = 115200) is a 16550A
[    5.836458] Linux agpgart interface v0.103
[    5.905467] loop: module loaded
[    5.929125] scsi host0: ata_piix
[    5.947986] scsi host1: ata_piix
[    5.962223] ata1: PATA max UDMA/33 cmd 0x1f0 ctl 0x3f6 bmdma 0xd000 irq 14
[    5.965967] ata2: PATA max UDMA/33 cmd 0x170 ctl 0x376 bmdma 0xd008 irq 15
[    6.014959] tun: Universal TUN/TAP device driver, 1.6
[    6.038161] PPP generic driver version 2.4.2
[    6.058101] ehci_hcd: USB 2.0 'Enhanced' Host Controller (EHCI) Driver
[    6.086536] ehci-pci: EHCI PCI platform driver
[    6.107212] ehci-platform: EHCI generic platform driver
[    6.130463] ohci_hcd: USB 1.1 'Open' Host Controller (OHCI) Driver
[    6.156008] ohci-pci: OHCI PCI platform driver
[    6.178276] ohci-platform: OHCI generic platform driver
[    6.195858] uhci_hcd: USB Universal Host Controller Interface driver
[    6.209842] i8042: PNP: PS/2 Controller [PNP0303:PS2K,PNP0f03:PS2M] at 0x60,0x64 irq 1,12
[    6.255042] serio: i8042 KBD port at 0x60,0x64 irq 1
[    6.319744] serio: i8042 AUX port at 0x60,0x64 irq 12
[    6.328342] mousedev: PS/2 mouse device common for all mice
[    6.338672] input: AT Translated Set 2 keyboard as /devices/platform/i8042/serio0/input/input2
[    6.353202] rtc_cmos rtc_cmos: rtc core: registered rtc_cmos as rtc0
[    6.365136] rtc_cmos rtc_cmos: alarms up to one day, 114 bytes nvram
[    6.373811] i2c /dev entries driver
[    6.379308] device-mapper: uevent: version 1.0.3
[    6.387541] device-mapper: ioctl: 4.37.0-ioctl (2017-09-20) initialised: dm-devel@redhat.com
[    6.400613] ledtrig-cpu: registered to indicate activity on CPUs
[    6.417483] NET: Registered protocol family 10
[    6.470820] Segment Routing with IPv6
[    6.492820] NET: Registered protocol family 17
[    6.517234] Key type dns_resolver registered
[    6.541031] mce: Using 0 MCE banks
[    6.559784] RAS: Correctable Errors collector initialized.
[    6.584925] sched_clock: Marking stable (6584539316, 0)->(10272162459, -3687623143)
[    6.645021] registered taskstats version 1
[    6.669775] Loading compiled-in X.509 certificates
[    6.728217] Loaded X.509 cert 'Build time autogenerated kernel key: b5b26778eaa3ab3a4a6cee031137706e947d12ad'
[    6.776212] Loaded X.509 cert 'Canonical Ltd. Live Patch Signing: 14df34d1a87cf37625abec039ef2bf521249b969'
[    6.818883] Loaded X.509 cert 'Canonical Ltd. Kernel Module Signing: 88f752e560a1e0737e31163a466ad7b70a850c19'
[    6.864811] blacklist: Loading compiled-in revocation X.509 certificates
[    6.897058] Loaded X.509 cert 'Canonical Ltd. Secure Boot Signing: 61482aa2830d0ab2ad5af10b7250da9033ddcef0'
[    6.946354] Loaded X.509 cert 'Canonical Ltd. Secure Boot Signing (2017): 242ade75ac4a15e50d50c84b0d45ff3eae707a03'
[    6.981243] Loaded X.509 cert 'Canonical Ltd. Secure Boot Signing (ESM 2018): 365188c1d374d6b07c3c8f240f8ef722433d6a8b'
[    6.995863] Loaded X.509 cert 'Canonical Ltd. Secure Boot Signing (2019): c0746fd6c5da3ae827864651ad66ae47fe24b3e8'
[    7.010234] Loaded X.509 cert 'Canonical Ltd. Secure Boot Signing (2021 v1): a8d54bbb3825cfb94fa13c9f8a594a195c107b8d'
[    7.026309] Loaded X.509 cert 'Canonical Ltd. Secure Boot Signing (2021 v2): 4cf046892d6fd3c9a5b03f98d845f90851dc6a8c'
[    7.041570] Loaded X.509 cert 'Canonical Ltd. Secure Boot Signing (2021 v3): 100437bb6de6e469b581e61cd66bce3ef4ed53af'
[    7.056099] Loaded X.509 cert 'Canonical Ltd. Secure Boot Signing (Ubuntu Core 2019): c1d57b8f6b743f23ee41f4f7ee292f06eecadfb9'
[    7.079861] zswap: loaded using pool lzo/zbud
[    7.165814] Key type big_key registered
[    7.189211] Key type trusted registered
[    7.234713] Key type encrypted registered
[    7.256026] AppArmor: AppArmor sha1 policy hashing enabled
[    7.282585] ima: No TPM chip found, activating TPM-bypass! (rc=-19)
[    7.313957] ima: Allocated hash algorithm: sha1
[    7.337998] evm: HMAC attrs: 0x1
[    7.357394]   Magic number: 5:402:144
[    7.372896] ata_port ata1: hash matches
[    7.390184]  ata1: hash matches
[    7.407546] rtc_cmos rtc_cmos: setting system clock to 2025-08-16 20:08:34 UTC (1755374914)
[    7.441617] BIOS EDD facility v0.16 2004-Jun-25, 0 devices found
[    7.465114] EDD information not available.
[    7.493461] Freeing unused kernel image memory: 2480K
[    7.512217] Write protecting the kernel read-only data: 20480k
[    7.542529] Freeing unused kernel image memory: 2008K
[    7.567000] Freeing unused kernel image memory: 1820K
[    7.606116] x86/mm: Checked W+X mappings: passed, no W+X pages found.
Loading, please wait...
starting version 237
[    8.105542] e1000: Intel(R) PRO/1000 Network Driver - version 7.3.21-k8-NAPI
[    8.117400] e1000: Copyright (c) 1999-2006 Intel Corporation.
[    8.197897] Fusion MPT base driver 3.04.20
[    8.825654] Copyright (c) 1999-2008 LSI Corporation
[    8.959145] input: ImExPS/2 Generic Explorer Mouse as /devices/platform/i8042/serio1/input/input4
[    9.038761] Fusion MPT SPI Host driver 3.04.20
[    9.083257] SSE version of gcm_enc/dec engaged.
[   10.819319] e1000 0000:00:03.0 eth0: (PCI:33MHz:32-bit) 02:3b:7b:b7:3b:2d
[   10.845173] e1000 0000:00:03.0 eth0: Intel(R) PRO/1000 Network Connection
[   10.880107] mptbase: ioc0: Initiating bringup
[   11.024479] ioc0: LSI53C1030 A0: Capabilities={Initiator}
[   11.305168] scsi host2: ioc0: LSI53C1030 A0, FwRev=00000000h, Ports=1, MaxQ=256, IRQ=20
[   11.488829] scsi 2:0:0:0: Direct-Access     VBOX     HARDDISK         1.0  PQ: 0 ANSI: 5
[   11.532154] scsi target2:0:0: Beginning Domain Validation
[   11.584470] scsi target2:0:0: Domain Validation skipping write tests
[   11.611396] scsi target2:0:0: Ending Domain Validation
[   11.639150] scsi target2:0:0: asynchronous
[   11.672171] scsi 2:0:1:0: Direct-Access     VBOX     HARDDISK         1.0  PQ: 0 ANSI: 5
[   11.972548] scsi target2:0:1: Beginning Domain Validation
[   12.039294] scsi target2:0:1: Domain Validation skipping write tests
[   12.066179] scsi target2:0:1: Ending Domain Validation
[   12.085315] scsi target2:0:1: asynchronous
[   12.209318] sd 2:0:0:0: [sda] 83886080 512-byte logical blocks: (42.9 GB/40.0 GiB)
[   12.245554] sd 2:0:0:0: [sda] Write Protect is off
[   12.267486] sd 2:0:0:0: Attached scsi generic sg0 type 0
[   12.299201] sd 2:0:0:0: [sda] Incomplete mode parameter data
[   12.323543] sd 2:0:0:0: [sda] Assuming drive cache: write through
[   12.355511] sd 2:0:1:0: [sdb] 20480 512-byte logical blocks: (10.5 MB/10.0 MiB)
[   12.384513] sd 2:0:1:0: Attached scsi generic sg1 type 0
[   12.411658] sd 2:0:1:0: [sdb] Write Protect is off
[   12.422535] sd 2:0:1:0: [sdb] Incomplete mode parameter data
[   12.452377] sd 2:0:1:0: [sdb] Assuming drive cache: write through
[   12.478269]  sda: sda1
[   12.500907] sd 2:0:0:0: [sda] Attached SCSI disk
[   12.547321] sd 2:0:1:0: [sdb] Attached SCSI disk
[   13.425079] e1000 0000:00:08.0 eth1: (PCI:33MHz:32-bit) 08:00:27:14:ae:84
[   13.452158] e1000 0000:00:08.0 eth1: Intel(R) PRO/1000 Network Connection
[   13.487940] e1000 0000:00:08.0 enp0s8: renamed from eth1
[   14.024075] e1000 0000:00:03.0 enp0s3: renamed from eth0
Begin: Loading essential drivers ... [   18.017309] raid6: sse2x1   gen()  3433 MB/s
[   18.080659] raid6: sse2x1   xor()  2091 MB/s
[   18.146603] raid6: sse2x2   gen()  3856 MB/s
[   18.212527] raid6: sse2x2   xor()  2104 MB/s
[   18.276415] raid6: sse2x4   gen()  4713 MB/s
[   18.342973] raid6: sse2x4   xor()  2813 MB/s
[   18.362912] raid6: using algorithm sse2x4 gen() 4713 MB/s
[   18.387302] raid6: .... xor() 2813 MB/s, rmw enabled
[   18.408283] raid6: using ssse3x2 recovery algorithm
[   18.441412] xor: measuring software checksum speed
[   18.497665]    prefetch64-sse:  5034.000 MB/sec
[   18.556737]    generic_sse:  4964.000 MB/sec
[   18.573703] xor: using function: prefetch64-sse (5034.000 MB/sec)
[   18.598070] async_tx: api initialized (async)
done.
Begin: Running /scripts/init-premount ... done.
Begin: Mounting root file system ... Begin: Running /scripts/local-top ... done.
Begin: Running /scripts/local-premount ... [   18.932572] Btrfs loaded, crc32c=crc32c-intel
Scanning for Btrfs filesystems
done.
Warning: fsck not present, so skipping root file system
[   19.118751] EXT4-fs (sda1): mounted filesystem with ordered data mode. Opts: (null)
done.
Begin: Running /scripts/local-bottom ... done.
Begin: Running /scripts/init-bottom ... done.
[   19.770976] ip_tables: (C) 2000-2006 Netfilter Core Team
[   19.854526] systemd[1]: systemd 237 running in system mode. (+PAM +AUDIT +SELINUX +IMA +APPARMOR +SMACK +SYSVINIT +UTMP +LIBCRYPTSETUP +GCRYPT +GNUTLS +ACL +XZ +LZ4 +SECCOMP +BLKID +ELFUTILS +KMOD -IDN2 +IDN -PCRE2 default-hierarchy=hybrid)
[   19.911567] systemd[1]: Detected virtualization oracle.
[   19.930456] systemd[1]: Detected architecture x86-64.

Welcome to [1mUbuntu 18.04.6 LTS[0m!

[   20.133561] systemd[1]: Set hostname to <ubuntu>.
[   20.181997] systemd[1]: Initializing machine ID from random generator.
[   20.190780] systemd[1]: Installed transient /etc/machine-id file.
[   21.116909] systemd[1]: Created slice System Slice.
[[0;32m  OK  [0m] Created slice System Slice.
[   21.157319] systemd[1]: Listening on Journal Socket.
[[0;32m  OK  [0m] Listening on Journal Socket.
[   21.193072] systemd[1]: Listening on Syslog Socket.
[[0;32m  OK  [0m] Listening on Syslog Socket.
[   21.232961] systemd[1]: Started Forward Password Requests to Wall Directory Watch.
[[0;32m  OK  [0m] Started Forward Password Requests to Wall Directory Watch.
[[0;32m  OK  [0m] Listening on LVM2 metadata daemon socket.
[[0;32m  OK  [0m] Listening on /dev/initctl Compatibility Named Pipe.
         Starting Load Kernel Modules...
         Starting Uncomplicated firewall...
[[0;32m  OK  [0m] Listening on Journal Socket (/dev/log).
[[0;32m  OK  [0m] Set up automount Arbitrary Executabâ€¦rmats File System Automount Point.[   21.402117] Loading iSCSI transport class v2.0-870.

         Mounting POSIX Message Queue File System...
[[0;32m  OK  [0m] Listening on fsck to fsckd communication Socket.
[[0;32m  OK  [0m] Listening on udev Control Socket.
[[0;32m  OK  [0m] Listening on Device-mapper event daemon FIFOs.
[[0;32m  OK  [0m] Listening on udev Kernel Socket.
         Starting File System Check on Root Device...
[[0;32m  OK  [0m] Listening on Journal Audit Socket.
[   21.522870] iscsi: registered transport (tcp)
         Starting Set the console keyboard layout...
         Starting udev Coldplug all Devices...
[[0;32m  OK  [0m] Reached target Swap.
         Mounting Huge Pages File System...
[[0;32m  OK  [0m] Reached target Mounting snaps.
[[0;32m  OK  [0m] Reached target Mounted snaps.
         Starting Journal Service...
[[0;32m  OK  [0m] Listening on LVM2 poll daemon socket.
[[0;32m  OK  [0m] Created slice User and Session Slice.
[[0;32m  OK  [0m] Reached target Slices.
         Starting Monitoring of LVM2 mirrorsâ€¦ng dmeventd or progress polling...
         Starting Create list of required stâ€¦ce nodes for the current kernel...
[[0;32m  OK  [0m] Listening on Network Service Netlink Socket.
[[0;32m  OK  [0m] Reached target User and Group Name Lookups.
         Mounting Kernel Debug File System...
[[0;32m  OK  [0m] Created slice system-serial\x2dgetty.slice.
[[0;32m  OK  [0m] Reached target System Time Synchronized.
[[0;32m  OK  [0m] Started Uncomplicated firewall.
[[0;32m  OK  [0m] Mounted POSIX Message Queue File System.
[[0;32m  OK  [0m] Started File System Check on Root Device.
[[0;32m  OK  [0m] Mounted Huge Pages File System.
[[0;32m  OK  [0m] Mounted Kernel Debug File System.
[[0;32m  OK  [0m] Started File System Check Daemon to report status.
         Starting Remount Root and Kernel File Systems...
[[0;32m  OK  [0m] Started LVM2 metadata daemon.
[[0;32m  OK  [0m] Started Create list of required staâ€¦vice nodes for the current kernel.
         Starting Create Static Device Nodes in /dev...
[[0;32m  OK  [0m] Started udev Coldplug all Devices.
[   22.151207] EXT4-fs (sda1): re-mounted. Opts: (null)
[[0;32m  OK  [0m] Started Remount Root and Kernel File Systems.
         Starting Load/Save Random Seed...
[[0;32m  OK  [0m] Started Create Static Device Nodes in /dev.
[[0;32m  OK  [0m] Started Load/Save Random Seed.
         [   22.378632] iscsi: registered transport (iser)
Starting udev Kernel Device Manager...
[[0;32m  OK  [0m] Started Journal Service.
         Starting Flush Journal to Persistent Storage...
[[0;32m  OK  [0m] Started Monitoring of LVM2 mirrors,â€¦sing dmeventd or progress polling.
[[0;32m  OK  [0m] Started Load Kernel Modules.
         Mounting Kernel Configuration File System...
         Starting Apply Kernel Variables...
         Mounting FUSE Control File System...
[   22.554721] systemd-journald[410]: Received request to flush runtime journal from PID 1
[[0;32m  OK  [0m] Mounted Kernel Configuration File System.
[[0;32m  OK  [0m] Mounted FUSE Control File System.
[[0;32m  OK  [0m] Started Apply Kernel Variables.
[[0;32m  OK  [0m] Started udev Kernel Device Manager.
[[0;32m  OK  [0m] Started Flush Journal to Persistent Storage.
[[0;32m  OK  [0m] Found device /dev/ttyS0.
[[0;32m  OK  [0m] Listening on Load/Save RF Kill Switch Status /dev/rfkill Watch.
[[0;32m  OK  [0m] Started Set the console keyboard layout.
         Mounting Arbitrary Executable File Formats File System...
[[0;32m  OK  [0m] Reached target Local File Systems (Pre).
[[0;32m  OK  [0m] Reached target Local File Systems.
         Starting Set console font and keymap...
         Starting AppArmor initialization...
         Starting Tell Plymouth To Write Out Runtime Data...
         Starting Commit a transient machine-id on disk...
         Starting ebtables ruleset management...
         Starting Create Volatile Files and Directories...
[[0;32m  OK  [0m] Started Dispatch Password Requests to Console Directory Watch.
[[0;32m  OK  [0m] Reached target Local Encrypted Volumes.
[[0;32m  OK  [0m] Mounted Arbitrary Executable File Formats File System.
[[0;32m  OK  [0m] Started Tell Plymouth To Write Out Runtime Data.
[[0;32m  OK  [0m] Started Commit a transient machine-id on disk.
[[0;32m  OK  [0m] Started Create Volatile Files and Directories.
         Starting Update UTMP about System Boot/Shutdown...
[[0;32m  OK  [0m] Started Update UTMP about System Boot/Shutdown.
[[0;32m  OK  [0m] Started ebtables ruleset management.
[[0;32m  OK  [0m] Started AppArmor initialization.
         Starting Initial cloud-init job (pre-networking)...
         Starting Load AppArmor profiles managed internally by snapd...
[[0;32m  OK  [0m] Started Load AppArmor profiles managed internally by snapd.
[[0;32m  OK  [0m] Started Set console font and keymap.
[   34.794572] cloud-init[752]: Cloud-init v. 23.1.2-0ubuntu0~18.04.1 running 'init-local' at Sat, 16 Aug 2025 20:09:00 +0000. Up 33.42 seconds.
[[0;32m  OK  [0m] Started Initial cloud-init job (pre-networking).
[[0;32m  OK  [0m] Reached target Network (Pre).
         Starting Network Service...
[[0;32m  OK  [0m] Started Network Service.
         Starting Wait for Network to be Configured...
         Starting Network Name Resolution...
[[0;32m  OK  [0m] Started Network Name Resolution.
[[0;32m  OK  [0m] Reached target Network.
[[0;32m  OK  [0m] Reached target Host and Network Name Lookups.
[[0;32m  OK  [0m] Started Wait for Network to be Configured.
         Starting Initial cloud-init job (metadata service crawler)...
[   39.023994] cloud-init[896]: Cloud-init v. 23.1.2-0ubuntu0~18.04.1 running 'init' at Sat, 16 Aug 2025 20:09:05 +0000. Up 38.57 seconds.
[   39.056443] cloud-init[896]: ci-info: ++++++++++++++++++++++++++++++++++++++Net device info+++++++++++++++++++++++++++++++++++++++
[   39.077643] cloud-init[896]: ci-info: +--------+-------+----------------------------+---------------+--------+-------------------+
[   39.096158] cloud-init[896]: ci-info: | Device |   Up  |          Address           |      Mask     | Scope  |     Hw-Address    |
[   39.113954] cloud-init[896]: ci-info: +--------+-------+----------------------------+---------------+--------+-------------------+
[   39.129494] cloud-init[896]: ci-info: | enp0s3 |  True |         10.0.2.15          | 255.255.255.0 | global | 02:3b:7b:b7:3b:2d |
[   39.150391] cloud-init[896]: ci-info: | enp0s3 |  True | fd00::3b:7bff:feb7:3b2d/64 |       .       | global | 02:3b:7b:b7:3b:2d |
[   39.169484] cloud-init[896]: ci-info: | enp0s3 |  True | fe80::3b:7bff:feb7:3b2d/64 |       .       |  link  | 02:3b:7b:b7:3b:2d |
[   39.186701] cloud-init[896]: ci-info: | enp0s8 | False |             .              |       .       |   .    | 08:00:27:14:ae:84 |
[   39.203807] cloud-init[896]: ci-info: |   lo   |  True |         127.0.0.1          |   255.0.0.0   |  host  |         .         |
[   39.226725] cloud-init[896]: ci-info: |   lo   |  True |          ::1/128           |       .       |  host  |         .         |
[   39.253511] cloud-init[896]: ci-info: +--------+-------+----------------------------+---------------+--------+-------------------+
[   39.270171] cloud-init[896]: ci-info: ++++++++++++++++++++++++++++Route IPv4 info+++++++++++++++++++++++++++++
[   39.294671] cloud-init[896]: ci-info: +-------+-------------+----------+-----------------+-----------+-------+
[   39.323263] cloud-init[896]: ci-info: | Route | Destination | Gateway  |     Genmask     | Interface | Flags |
[   39.351760] cloud-init[896]: ci-info: +-------+-------------+----------+-----------------+-----------+-------+
[   39.381576] cloud-init[896]: ci-info: |   0   |   0.0.0.0   | 10.0.2.2 |     0.0.0.0     |   enp0s3  |   UG  |
[   39.409181] cloud-init[896]: ci-info: |   1   |   10.0.2.0  | 0.0.0.0  |  255.255.255.0  |   enp0s3  |   U   |
[   39.439427] cloud-init[896]: ci-info: |   2   |   10.0.2.2  | 0.0.0.0  | 255.255.255.255 |   enp0s3  |   UH  |
[   39.471280] cloud-init[896]: ci-info: +-------+-------------+----------+-----------------+-----------+-------+
[   39.503197] cloud-init[896]: ci-info: +++++++++++++++++++Route IPv6 info+++++++++++++++++++
[   39.529088] cloud-init[896]: ci-info: +-------+-------------+---------+-----------+-------+
[   39.556118] cloud-init[896]: ci-info: | Route | Destination | Gateway | Interface | Flags |
[   39.579952] cloud-init[896]: ci-info: +-------+-------------+---------+-----------+-------+
[   39.605849] cloud-init[896]: ci-info: |   1   |  fd00::/64  |    ::   |   enp0s3  |   U   |
[   39.633424] cloud-init[896]: ci-info: |   2   |  fe80::/64  |    ::   |   enp0s3  |   U   |
[   39.658681] cloud-init[896]: ci-info: |   3   |     ::/0    | fe80::2 |   enp0s3  |   UG  |
[   39.683726] cloud-init[896]: ci-info: |   5   |    local    |    ::   |   enp0s3  |   U   |
[   39.710141] cloud-init[896]: ci-info: |   6   |   ff00::/8  |    ::   |   enp0s3  |   U   |
[   39.735145] cloud-init[896]: ci-info: +-------+-------------+---------+-----------+-------+
[   42.430771] cloud-init[896]: Generating public/private rsa key pair.
[   42.459106] cloud-init[896]: Your identification has been saved in /etc/ssh/ssh_host_rsa_key.
[   42.491932] cloud-init[896]: Your public key has been saved in /etc/ssh/ssh_host_rsa_key.pub.
[   42.513133] cloud-init[896]: The key fingerprint is:
[   42.534297] cloud-init[896]: SHA256:nJ9ZZviC/bQ0tIX80/lCnkPfVRfrbBGAdiFEXuOFW2c root@ubuntu-bionic
[[0;32m  OK  [0m] Started Initial cloud-init job (metadata service crawler).
[   42.563627] cloud-init[[0;32m  OK  [0m] Reached target Cloud-config availability.
[[0;32m  OK  [0m] Reached target Network is Online.
         Starting Availability of block devices...
[[0;32m  OK  [0m] Reached target Remote File Systems (Pre).
[[0;32m  OK  [0m] Reached target Remote File Systems.
[[0;32m  OK  [0m] Reached target System Initialization.
[[0;32m  OK  [0m] Listening on Open-iSCSI iscsid Socket.
[[0;32m  OK  [0m] Listening on ACPID Listen Socket.
[[0;32m  OK  [0m] Listening on cloud-init hotplug hook socket.
[[0;32m  OK  [0m] Started ACPI Events Check.
[[0;32m  OK  [0m] Started Ubuntu Advantage Timer for running repeated jobs.
[[0;32m  OK  [0m] Started Message of the Day.
         Starting Socket activation for snappy daemon.
[[0;32m  OK  [0m] Reached target Paths.
[[0;32m  OK  [0m] Started Daily apt download activities.
[[0;32m  OK  [0m] Started Daily Cleanup of Temporary Directories.
         Starting LXD - unix socket.
[[0;32m  OK  [0m] Listening on UUID daemon activation socket.
[[0;32m  OK  [0m] Started Daily apt upgrade and clean activities.
[[0;32m  OK  [0m] Listening on D-Bus System Message Bus Socket.
[[0;32m  OK  [0m] Started Discard unused blocks once a week.
[[0;32m  OK  [0m] Reached target Timers.
[[0;32m  OK  [0m] Started Availability of block devices.
[[0;32m  OK  [0m] Listening on LXD - unix socket.
[[0;32m  OK  [0m] Listening on Socket activation for snappy daemon.
[[0;32m  OK  [0m] Reached target Sockets.
[[0;32m  OK  [0m] Reached target Basic System.
[[0;32m  OK  [0m] Started Regular background program processing daemon.
[[0;32m  OK  [0m] Started Deferred execution scheduler.
         Starting Accounts Service...
[896]: The key's randomart image is:
         Starting Login Service...
[[0;32m  OK  [0m] Started D-Bus System Message Bus.
[   42.847824] cloud-init[896]: +---[RSA 2048]----+
[   42.888172] cloud-init[896]: |          o+.=+. |
[   42.919943] cloud-init[896]: |          .o+oo+E|
[   42.960844] cloud-init[896]: |          ....o.=|
[   42.998653] cloud-init[896]: |       . . o o oo|
[   43.038704] cloud-init[896]: |        S . B + +|
[   43.046312] cloud-init[896]: |         + O +o=o|
[   43.063047] cloud-init[896]: |        . * *++++|
         Starting Dispatcher daemon for systemd-networkd...
         Starting Virtualbox guest utils...
[   43.086439] cloud-init[896]: |           = o=.+|
[   43.113970] cloud-init[896]: |            o  o.|
         Starting Pollinate to seed the pseudo random number generator...
[[0;32m  OK  [0m] Started FUSE filesystem for LXC.
[   43.147137] cloud-init[896]: +----[SHA256]-----+
[   43.185411] [[0;32m  OK  [0m] Started irqbalance daemon.
cloud-init[896]: Generating public/private dsa key pair.
         Starting LXD - container startup/shutdown...
[   43.238893] cloud-init[896]: Your identification has been saved in /etc/ssh/ssh_host_dsa_key.
[   43.281886] cloud-init[896]: Your public key has been saved in /etc/ssh/ssh_host_dsa_key.pub.
         Starting LSB: automatic crash report generation...
[   43.306592] cloud-init[896]: The key fingerprint is:
[   43.324271] cloud-init[896]: SHA256:q2VT6X28NDHk5zxnxDQcZ94Xp95pz13yjXsjfDuufR0 root@ubuntu-bionic
[   43.343754] cloud-init[896]: The key's randomart image is:
         Starting System Logging Service...
[   43.356844] cloud-init[896]: +---[DSA 1024]----+
         Starting LSB: Record successful boot for GRUB...
[   43.376891] cloud-init[896]: |               o+|
[   43.389445] cloud-init[896]: |              .+*|
[   43.397672] cloud-init[896]: |              oo=|
[   43.425522] cloud-init[896]: |           . + ++|
[   43.434992] cloud-init[896]: |        S o   *o*|
[   43.445456] cloud-init[896]: |         + . ..E=|
[   43.453935] cloud-init[896]: |        = . o *.&|
[   43.462412] cloud-init[896]: |       + .   =.O*|
[   43.470344] cloud-init[896]: |      .      .B==|
[   43.477997] cloud-init[896]: +----[SHA256]-----+
[   43.485625] cloud-init[896]: Generating public/private ecdsa key pair.
[   43.493400] cloud-init[896]: Your identification has been saved in /etc/ssh/ssh_host_ecdsa_key.
[   43.513843] cloud-init[896]: Your public key has been saved in /etc/ssh/ssh_host_ecdsa_key.pub.
[   43.526080] cloud-init[896]: The key fingerprint is:
         Starting Snap Daemon...
         Starting Permit User Sessions...
[[0;32m  OK  [0m] Reached target Login Prompts (Pre).
[   43.553869] cloud-init[896]: SHA256:ZLTIA6qElWdK72s4DotXBMlXKfeWmc/mZJ3EXyeFHKk root@ubuntu-bionic
[   43.600118] cloud-init[896]: The key's randomart image is:
[   43.623797] cloud-init[896]: +---[ECDSA 256]---+
[   43.633197] cloud-init[896]: | ..o.....    ..+ |
[   43.645437] cloud-init[896]: |..*.=ooo .    + .|
[   43.659011] cloud-init[896]: |.o.B o+.++ . . . |
[   43.666452] cloud-init[896]: |... o  +*   E . o|
[   43.673711] cloud-init[896]: |.  o   .So o o o.|
[   43.687632] cloud-init[896]: |    o     * o .  |
[   43.694918] cloud-init[896]: |.  o .   =       |
[   43.704755] cloud-init[896]: |.o+ o     .      |
[   43.723639] cloud-init[896]: |oo.o             |
[   43.737610] cloud-init[896]: +----[SHA256]-----+
[   43.751038] cloud-init[896]: Generating public/private ed25519 key pair.
[   43.791256] cloud-init[896]: Your identification has been saved in /etc/ssh/ssh_host_ed25519_key.
[   43.848555] cloud-init[896]: Your public key has been saved in /etc/ssh/ssh_host_ed25519_key.pub.[[0;32m  OK  [0m] Started Permit User Sessions.

[   43.939443] cloud-init[896]: The key fingerprint is:
[[0;32m  OK  [0m] Started System Logging Service.
[[0;32m  OK  [0m] Started LSB: automatic crash report generation.
[[0;32m  OK  [0m] Started Login Service.
[   44.014894] [[0;32m  OK  [0m] Started Unattended Upgrades Shutdown.
         Starting Authorization Manager...
         Starting Hold until boot process finishes up...
         Starting Terminate Plymouth Boot Screen...
         Starting Hostname Service...
[[0;32m  OK  [0m] Started Hold until boot process finishes up.
cloud-init[[0;32m  OK  [0m] Started Terminate Plymouth Boot Screen.
         Starting Set console scheme...
[[0;32m  OK  [0m] Started Serial Getty on ttyS0.
[896]: SHA256:9QA9yvAWGJ+KmhhjAXk5ozjNZNV3uesowVdDAZ36LAo root@ubuntu-bionic
[   44.220066] cloud-init[896]: The key's randomart image is:
[   44.233136] cloud-init[896]: +--[ED25519 256]--+
[   44.256423] cloud-init[896]: |.. o...oo+.+     |
[   44.264843] cloud-init[896]: |o B   +.ooO      |
[   44.277709] cloud-init[896]: |.O o   =o*oo     |
[[0;32m  OK  [0m] Started Set console scheme.
[[0;32m  OK  [0m] Created slice system-getty.slice.
[   44.326921] cloud-init[896]: |+ +  . .*.+o     |
[[   44.348827] cloud-init[896]: |oo  ....S+ o.    |
[   44.348939] cloud-init[896]: |.+ oE o o +      |
[   44.348984] cloud-init[896]: |. o  . + +       |
[   44.349012] cloud-init[896]: |      o . .      |
[0;32m  OK  [0m] Started Getty on tty1.
[[0;32m  OK  [0m] Reached target Login Prompts.
[   44.427925] cloud-init[896]: |       .         |
[   44.451127] cloud-init[896]: +----[SHA256]-----+
[[0;32m  OK  [0m] Started Authorization Manager.
[[0;32m  OK  [0m] Started Accounts Service.
[[0;32m  OK  [0m] Started LSB: Record successful boot for GRUB.
[[0;32m  OK  [0m] Started Hostname Service.
[[0;32m  OK  [0m] Started Dispatcher daemon for systemd-networkd.
[[0;32m  OK  [0m] Started Virtualbox guest utils.
[[0;32m  OK  [0m] Started LXD - container startup/shutdown.
[[0;32m  OK  [0m] Started Snap Daemon.
         Starting Wait until snapd is fully seeded...
[[0;32m  OK  [0m] Started Pollinate to seed the pseudo random number generator.
         Starting OpenBSD Secure Shell server...
[[0;32m  OK  [0m] Started OpenBSD Secure Shell server.
[[0;32m  OK  [0m] Created slice User Slice of vagrant.
         Starting User Manager for UID 1000...
[[0;32m  OK  [0m] Started Session 1 of user vagrant.
[[0;32m  OK  [0m] Started User Manager for UID 1000.

Ubuntu 18.04.6 LTS ubuntu-bionic ttyS0

ubuntu-bionic login: [   64.877981] cloud-init[1714]: Cloud-init v. 23.1.2-0ubuntu0~18.04.1 running 'modules:config' at Sat, 16 Aug 2025 20:09:30 +0000. Up 63.48 seconds.
ci-info: no authorized SSH keys fingerprints found for user ubuntu.
<14>Aug 16 20:09:34 cloud-init: #############################################################
<14>Aug 16 20:09:34 cloud-init: -----BEGIN SSH HOST KEY FINGERPRINTS-----
<14>Aug 16 20:09:34 cloud-init: 1024 SHA256:q2VT6X28NDHk5zxnxDQcZ94Xp95pz13yjXsjfDuufR0 root@ubuntu-bionic (DSA)
<14>Aug 16 20:09:34 cloud-init: 256 SHA256:ZLTIA6qElWdK72s4DotXBMlXKfeWmc/mZJ3EXyeFHKk root@ubuntu-bionic (ECDSA)
<14>Aug 16 20:09:34 cloud-init: 256 SHA256:9QA9yvAWGJ+KmhhjAXk5ozjNZNV3uesowVdDAZ36LAo root@ubuntu-bionic (ED25519)
<14>Aug 16 20:09:34 cloud-init: 2048 SHA256:nJ9ZZviC/bQ0tIX80/lCnkPfVRfrbBGAdiFEXuOFW2c root@ubuntu-bionic (RSA)
<14>Aug 16 20:09:34 cloud-init: -----END SSH HOST KEY FINGERPRINTS-----
<14>Aug 16 20:09:34 cloud-init: #############################################################
-----BEGIN SSH HOST KEY KEYS-----
ecdsa-sha2-nistp256 AAAAE2VjZHNhLXNoYTItbmlzdHAyNTYAAAAIbmlzdHAyNTYAAABBBGVHktNMA9gCBnrX/Xl3Fq+M3DUx10UlsGo3p4quyv3VZQME0MfhpeuwYgylaMQCFuBV0HTfVImUBSTaLeN4rtM= root@ubuntu-bionic
ssh-ed25519 AAAAC3NzaC1lZDI1NTE5AAAAICDHWTAM1ctSWgx4dhIbU8ccebEymFZEH81ANNsLoFZ2 root@ubuntu-bionic
ssh-rsa AAAAB3NzaC1yc2EAAAADAQABAAABAQC4SZsAQ0ozhinAYGF4hPmsBcLCokuY3HxJYE5F6KGQzANIGfMLsu7aWgENQwi+KQ1rve5A9US2bEjSKqCEq4ZDTCR7ovIWPw7H5PASmq7S4Q6Tv/dC8TOHzv2Y0by9MLyL0Kqy1c72ElfAleFL7YANoh0HwYg5oBROtMLEWe89SvcChBv8Awi8E+Q7y2GyLF2iai2TCUN+pBM8oiv+WeVNUZWUAWG/l86YRDyyjxyiGSCz87vY5MrJa/RVR2kDCehJBBeyXBhjTvJj4ZA2yv3ZocQGgJOFb67yjK9e9ODsv2eG5V77WQn7zLZDBSgMnW16oEDzBwcGLZpDKd8kAcMD root@ubuntu-bionic
-----END SSH HOST KEY KEYS-----
[   67.465333] cloud-init[1916]: Cloud-init v. 23.1.2-0ubuntu0~18.04.1 running 'modules:final' at Sat, 16 Aug 2025 20:09:33 +0000. Up 66.83 seconds.
[   67.467049] cloud-init[1916]: Cloud-init v. 23.1.2-0ubuntu0~18.04.1 finished at Sat, 16 Aug 2025 20:09:34 +0000. Datasource DataSourceNoCloud [seed=/dev/sdb][dsmode=net].  Up 67.39 seconds
[[0;32m  OK  [0m] Stopped Unattended Upgrades Shutdown.
[[0;32m  OK  [0m] Stopped target Graphical Interface.
[[0;32m  OK  [0m] Stopped target Cloud-init target.
[[0;32m  OK  [0m] Stopped Execute cloud user/final scripts.
[[0;32m  OK  [0m] Stopped Apply the settings specified in cloud-config.
[[0;32m  OK  [0m] Stopped target Timers.
[[0;32m  OK  [0m] Stopped Daily apt upgrade and clean activities.
[[0;32m  OK  [0m] Stopped Message of the Day.
[[0;32m  OK  [0m] Stopped target Cloud-config availability.
[[0;32m  OK  [0m] Stopped Discard unused blocks once a week.
[[0;32m  OK  [0m] Stopped Daily apt download activities.
         Stopping Availability of block devices...
[[0;32m  OK  [0m] Stopped Ubuntu Advantage Timer for running repeated jobs.
[[0;32m  OK  [0m] Stopped target Multi-User System.
[[0;32m  OK  [0m] Stopped target Login Prompts.
         Stopping Serial Getty on ttyS0...
         Stopping Getty on tty1...
[[0;32m  OK  [0m] Stopped Wait until snapd is fully seeded.
         Stopping Dispatcher daemon for systemd-networkd...
         Stopping LSB: automatic crash report generation...
         Stopping System Logging Service...
         Stopping irqbalance daemon...
         Stopping D-Bus System Message Bus...
         Stopping LXD - container startup/shutdown...
         Stopping Deferred execution scheduler...
         Stopping FUSE filesystem for LXC...
         Stopping OpenBSD Secure Shell server...
         Stopping Session 8 of user vagrant.
[[0;32m  OK  [0m] Stopped Daily Cleanup of Temporary Directories.
[[0;32m  OK  [0m] Stopped target Network is Online.
         Stopping Authorization Manager...
[[0;32m  OK  [0m] Stopped target Host and Network Name Lookups.
[[0;32m  OK  [0m] Stopped target System Time Synchronized.
         Stopping Virtualbox guest utils...
         Stopping User Manager for UID 1000...
         Stopping LSB: Record successful boot for GRUB...
         Stopping Accounts Service...
         Stopping Regular background program processing daemon...
[[0;32m  OK  [0m] Closed Load/Save RF Kill Switch Status /dev/rfkill Watch.
[[0;32m  OK  [0m] Unmounted /var/lib/lxcfs.
[[0;32m  OK  [0m] Stopped Regular background program processing daemon.
[[0;32m  OK  [0m] Stopped Deferred execution scheduler.
[[0;32m  OK  [0m] Stopped Accounts Service.
[[0;32m  OK  [0m] Stopped Dispatcher daemon for systemd-networkd.
[[0;32m  OK  [0m] Stopped irqbalance daemon.
[[0;32m  OK  [0m] Stopped System Logging Service.
[[0;32m  OK  [0m] Stopped Authorization Manager.
[[0;32m  OK  [0m] Stopped Serial Getty on ttyS0.
[[0;32m  OK  [0m] Stopped Getty on tty1.
[[0;32m  OK  [0m] Stopped OpenBSD Secure Shell server.
[[0;32m  OK  [0m] Stopped User Manager for UID 1000.
[[0;32m  OK  [0m] Stopped Availability of block devices.
[[0;32m  OK  [0m] Stopped D-Bus System Message Bus.
[[0;32m  OK  [0m] Stopped FUSE filesystem for LXC.
[[0;32m  OK  [0m] Stopped Session 8 of user vagrant.
[[0;32m  OK  [0m] Removed slice User Slice of vagrant.
         Stopping Login Service...
[[0;32m  OK  [0m] Removed slice system-getty.slice.
         Stopping Permit User Sessions...
[[0;32m  OK  [0m] Removed slice system-serial\x2dgetty.slice.
[[0;32m  OK  [0m] Stopped target Login Prompts (Pre).
[[0;32m  OK  [0m] Stopped LXD - container startup/shutdown.
[[0;32m  OK  [0m] Stopped LSB: Record successful boot for GRUB.
[[0;32m  OK  [0m] Stopped LSB: automatic crash report generation.
[[0;32m  OK  [0m] Stopped Permit User Sessions.
[[0;32m  OK  [0m] Stopped target Network.
         Stopping Network Name Resolution...
[[0;32m  OK  [0m] Stopped target Remote File Systems.
[[0;32m  OK  [0m] Stopped target Remote File Systems (Pre).
[[0;32m  OK  [0m] Stopped Network Name Resolution.
[[0;32m  OK  [0m] Stopped Login Service.
[[0;32m  OK  [0m] Stopped target User and Group Name Lookups.
         Stopping Network Service...
[[0;32m  OK  [0m] Stopped Virtualbox guest utils.
[[0;32m  OK  [0m] Stopped target Basic System.
[[0;32m  OK  [0m] Stopped target Paths.
[[0;32m  OK  [0m] Stopped ACPI Events Check.
[[0;32m  OK  [0m] Stopped target Sockets.
[[0;32m  OK  [0m] Closed Open-iSCSI iscsid Socket.
[[0;32m  OK  [0m] Closed D-Bus System Message Bus Socket.
[[0;32m  OK  [0m] Closed UUID daemon activation socket.
[[0;32m  OK  [0m] Closed cloud-init hotplug hook socket.
[[0;32m  OK  [0m] Closed LXD - unix socket.
[[0;32m  OK  [0m] Closed Socket activation for snappy daemon.
[[0;32m  OK  [0m] Closed Syslog Socket.
[[0;32m  OK  [0m] Closed ACPID Listen Socket.
[[0;32m  OK  [0m] Stopped target Slices.
[[0;32m  OK  [0m] Removed slice User and Session Slice.
[[0;32m  OK  [0m] Stopped target System Initialization.
[[0;32m  OK  [0m] Stopped Initial cloud-init job (metadata service crawler).
[[0;32m  OK  [0m] Stopped Commit a transient machine-id on disk.
[[0;32m  OK  [0m] Stopped target Local Encrypted Volumes.
[[0;32m  OK  [0m] Stopped Forward Password Requests to Wall Directory Watch.
[[0;32m  OK  [0m] Stopped Dispatch Password Requests to Console Directory Watch.
         Stopping Update UTMP about System Boot/Shutdown...
         Stopping Load/Save Random Seed...
[[0;32m  OK  [0m] Stopped Network Service.
[[0;32m  OK  [0m] Stopped Load/Save Random Seed.
[[0;32m  OK  [0m] Stopped Update UTMP about System Boot/Shutdown.
[[0;32m  OK  [0m] Stopped Create Volatile Files and Directories.
[[0;32m  OK  [0m] Stopped target Local File Systems.
[[0;32m  OK  [0m] Stopped target Mounted snaps.
[[0;32m  OK  [0m] Stopped target Mounting snaps.
         Unmounting /run/user/1000...
[[0;32m  OK  [0m] Stopped target Network (Pre).
[[0;32m  OK  [0m] Stopped Initial cloud-init job (pre-networking).
[[0;32m  OK  [0m] Stopped Apply Kernel Variables.
[[0;32m  OK  [0m] Stopped Load Kernel Modules.
[[0;32m  OK  [0m] Unmounted /run/user/1000.
[[0;32m  OK  [0m] Reached target Unmount All Filesystems.
[[0;32m  OK  [0m] Stopped target Swap.
[[0;32m  OK  [0m] Stopped target Local File Systems (Pre).
         Stopping Monitoring of LVM2 mirrorsâ€¦ng dmeventd or progress polling...
[[0;32m  OK  [0m] Stopped Create Static Device Nodes in /dev.
[[0;32m  OK  [0m] Stopped Remount Root and Kernel File Systems.
[[0;32m  OK  [0m] Reached target Shutdown.
[[0;32m  OK  [0m] Reached target Final Step.
         Starting Power-Off...
[  610.609369] reboot: Power down
